{
  "version": "1.5.0",
  "plugins_used": [
    {
      "name": "ArtifactoryDetector"
    },
    {
      "name": "AWSKeyDetector"
    },
    {
      "name": "AzureStorageKeyDetector"
    },
    {
      "name": "Base64HighEntropyString",
      "limit": 4.5
    },
    {
      "name": "BasicAuthDetector"
    },
    {
      "name": "CloudantDetector"
    },
    {
      "name": "DiscordBotTokenDetector"
    },
    {
      "name": "GitHubTokenDetector"
    },
    {
      "name": "GitLabTokenDetector"
    },
    {
      "name": "HexHighEntropyString",
      "limit": 3.0
    },
    {
      "name": "IbmCloudIamDetector"
    },
    {
      "name": "IbmCosHmacDetector"
    },
    {
      "name": "IPPublicDetector"
    },
    {
      "name": "JwtTokenDetector"
    },
    {
      "name": "KeywordDetector",
      "keyword_exclude": ""
    },
    {
      "name": "MailchimpDetector"
    },
    {
      "name": "NpmDetector"
    },
    {
      "name": "OpenAIDetector"
    },
    {
      "name": "PrivateKeyDetector"
    },
    {
      "name": "PypiTokenDetector"
    },
    {
      "name": "SendGridDetector"
    },
    {
      "name": "SlackDetector"
    },
    {
      "name": "SoftlayerDetector"
    },
    {
      "name": "SquareOAuthDetector"
    },
    {
      "name": "StripeDetector"
    },
    {
      "name": "TelegramBotTokenDetector"
    },
    {
      "name": "TwilioKeyDetector"
    }
  ],
  "filters_used": [
    {
      "path": "detect_secrets.filters.allowlist.is_line_allowlisted"
    },
    {
      "path": "detect_secrets.filters.common.is_baseline_file",
      "filename": ".secrets.baseline"
    },
    {
      "path": "detect_secrets.filters.common.is_ignored_due_to_verification_policies",
      "min_level": 2
    },
    {
      "path": "detect_secrets.filters.heuristic.is_indirect_reference"
    },
    {
      "path": "detect_secrets.filters.heuristic.is_likely_id_string"
    },
    {
      "path": "detect_secrets.filters.heuristic.is_lock_file"
    },
    {
      "path": "detect_secrets.filters.heuristic.is_not_alphanumeric_string"
    },
    {
      "path": "detect_secrets.filters.heuristic.is_potential_uuid"
    },
    {
      "path": "detect_secrets.filters.heuristic.is_prefixed_with_dollar_sign"
    },
    {
      "path": "detect_secrets.filters.heuristic.is_sequential_string"
    },
    {
      "path": "detect_secrets.filters.heuristic.is_swagger_file"
    },
    {
      "path": "detect_secrets.filters.heuristic.is_templated_secret"
    }
  ],
  "results": {
    ".agent/artifacts/01_register_repo.json": [
      {
        "type": "Hex High Entropy String",
        "filename": ".agent/artifacts/01_register_repo.json",
        "hashed_secret": "49f5b8ab7595b5236c790f157ecf40c4921c77cb",
        "is_verified": false,
        "line_number": 5
      }
    ],
    ".agent/artifacts/02_graph_build_accept.json": [
      {
        "type": "Hex High Entropy String",
        "filename": ".agent/artifacts/02_graph_build_accept.json",
        "hashed_secret": "a2d4db71b6f41a7302af6114c9fbf4844cbbd97c",
        "is_verified": false,
        "line_number": 18
      }
    ],
    ".agent/artifacts/02_graph_build_result.json": [
      {
        "type": "Hex High Entropy String",
        "filename": ".agent/artifacts/02_graph_build_result.json",
        "hashed_secret": "a2d4db71b6f41a7302af6114c9fbf4844cbbd97c",
        "is_verified": false,
        "line_number": 18
      }
    ],
    ".agent/artifacts/04_clause_investigation.json": [
      {
        "type": "Hex High Entropy String",
        "filename": ".agent/artifacts/04_clause_investigation.json",
        "hashed_secret": "3a8dd7e8d961ab06732fd5d97a08f87ce6d10b78",
        "is_verified": false,
        "line_number": 275
      },
      {
        "type": "Hex High Entropy String",
        "filename": ".agent/artifacts/04_clause_investigation.json",
        "hashed_secret": "807d90cac24d39b3e3847c36d670bc513854bc7d",
        "is_verified": false,
        "line_number": 316
      },
      {
        "type": "Hex High Entropy String",
        "filename": ".agent/artifacts/04_clause_investigation.json",
        "hashed_secret": "543641c89ef4e8a21f39a2aae8756c70a60bbd20",
        "is_verified": false,
        "line_number": 11006
      },
      {
        "type": "Hex High Entropy String",
        "filename": ".agent/artifacts/04_clause_investigation.json",
        "hashed_secret": "ceb21268b2e436c204c9ce6708905a55a1a2fd64",
        "is_verified": false,
        "line_number": 36139
      },
      {
        "type": "Hex High Entropy String",
        "filename": ".agent/artifacts/04_clause_investigation.json",
        "hashed_secret": "dd61c02f499e2d376a8d6445b4f09e37f2935539",
        "is_verified": false,
        "line_number": 38351
      },
      {
        "type": "Hex High Entropy String",
        "filename": ".agent/artifacts/04_clause_investigation.json",
        "hashed_secret": "479c336cb18130ad705b7d0546959bf49982a942",
        "is_verified": false,
        "line_number": 40398
      },
      {
        "type": "Hex High Entropy String",
        "filename": ".agent/artifacts/04_clause_investigation.json",
        "hashed_secret": "c346d97471dd9b2f4812aa1fba4e1a274e3e780c",
        "is_verified": false,
        "line_number": 42261
      },
      {
        "type": "Hex High Entropy String",
        "filename": ".agent/artifacts/04_clause_investigation.json",
        "hashed_secret": "061768b2104ec7c197dfcfd53310b01ef30682db",
        "is_verified": false,
        "line_number": 44507
      },
      {
        "type": "Hex High Entropy String",
        "filename": ".agent/artifacts/04_clause_investigation.json",
        "hashed_secret": "890b4bb769a7a1d89b6b2ade14d5783d8efc23ce",
        "is_verified": false,
        "line_number": 49451
      },
      {
        "type": "Hex High Entropy String",
        "filename": ".agent/artifacts/04_clause_investigation.json",
        "hashed_secret": "3fb989ee1d07a9925804b12b76f408c8fc23cbf1",
        "is_verified": false,
        "line_number": 50171
      },
      {
        "type": "Hex High Entropy String",
        "filename": ".agent/artifacts/04_clause_investigation.json",
        "hashed_secret": "c2e6ed46ae46590f985e7aeb88adcaa2cba9f7cf",
        "is_verified": false,
        "line_number": 53109
      },
      {
        "type": "Hex High Entropy String",
        "filename": ".agent/artifacts/04_clause_investigation.json",
        "hashed_secret": "76f01ce8440c3be202c145f779098c603d293a28",
        "is_verified": false,
        "line_number": 53524
      },
      {
        "type": "Hex High Entropy String",
        "filename": ".agent/artifacts/04_clause_investigation.json",
        "hashed_secret": "ce36bbb5f2ad471125dfbdb351d15f604dea8735",
        "is_verified": false,
        "line_number": 60991
      },
      {
        "type": "Hex High Entropy String",
        "filename": ".agent/artifacts/04_clause_investigation.json",
        "hashed_secret": "dcb9e2c9bdfbdb930601296ff0ba7cf6737da145",
        "is_verified": false,
        "line_number": 63091
      },
      {
        "type": "Hex High Entropy String",
        "filename": ".agent/artifacts/04_clause_investigation.json",
        "hashed_secret": "5b230e8222f461f238127989be04a55e55aa8388",
        "is_verified": false,
        "line_number": 63655
      },
      {
        "type": "Hex High Entropy String",
        "filename": ".agent/artifacts/04_clause_investigation.json",
        "hashed_secret": "ffc829bc02e7b4eda1bc59829f210d6a1f085722",
        "is_verified": false,
        "line_number": 65675
      },
      {
        "type": "Hex High Entropy String",
        "filename": ".agent/artifacts/04_clause_investigation.json",
        "hashed_secret": "e67a8d6f2db8bc3835a34fb2bd3119b1c5a3d088",
        "is_verified": false,
        "line_number": 67883
      },
      {
        "type": "Hex High Entropy String",
        "filename": ".agent/artifacts/04_clause_investigation.json",
        "hashed_secret": "8dc02fa8c372b79b065803ce2cebaf4f3be13a5d",
        "is_verified": false,
        "line_number": 68376
      },
      {
        "type": "Hex High Entropy String",
        "filename": ".agent/artifacts/04_clause_investigation.json",
        "hashed_secret": "dd754d103490adf181418f704aed501d355f12ae",
        "is_verified": false,
        "line_number": 71445
      },
      {
        "type": "Hex High Entropy String",
        "filename": ".agent/artifacts/04_clause_investigation.json",
        "hashed_secret": "81753b4bc2453d998de401cc15cdac2c5f88e305",
        "is_verified": false,
        "line_number": 71546
      },
      {
        "type": "Hex High Entropy String",
        "filename": ".agent/artifacts/04_clause_investigation.json",
        "hashed_secret": "cb5b8e480aef7ade6b45271efb66ad207ca08a8e",
        "is_verified": false,
        "line_number": 71647
      },
      {
        "type": "Hex High Entropy String",
        "filename": ".agent/artifacts/04_clause_investigation.json",
        "hashed_secret": "7c5d461446f358cc8bf48d214dfa32dc5e5407f0",
        "is_verified": false,
        "line_number": 71748
      },
      {
        "type": "Hex High Entropy String",
        "filename": ".agent/artifacts/04_clause_investigation.json",
        "hashed_secret": "e6968476b966a75b54a3d2ef5eecba76cb797d9e",
        "is_verified": false,
        "line_number": 71849
      },
      {
        "type": "Hex High Entropy String",
        "filename": ".agent/artifacts/04_clause_investigation.json",
        "hashed_secret": "628dc1edf546af594431649ee144a770b3455d9c",
        "is_verified": false,
        "line_number": 71950
      },
      {
        "type": "Hex High Entropy String",
        "filename": ".agent/artifacts/04_clause_investigation.json",
        "hashed_secret": "2b758328f0bf27dcfcb001fa6a845dc540186101",
        "is_verified": false,
        "line_number": 75428
      },
      {
        "type": "Hex High Entropy String",
        "filename": ".agent/artifacts/04_clause_investigation.json",
        "hashed_secret": "9149abf4f1c1353b439b464ee22d6dca247de6e3",
        "is_verified": false,
        "line_number": 95905
      },
      {
        "type": "Hex High Entropy String",
        "filename": ".agent/artifacts/04_clause_investigation.json",
        "hashed_secret": "a0c2a5ff0c2cdf786acf0b2e5e78d91f34fe753c",
        "is_verified": false,
        "line_number": 101418
      },
      {
        "type": "Hex High Entropy String",
        "filename": ".agent/artifacts/04_clause_investigation.json",
        "hashed_secret": "d9d80acee7c9a326f750c3c9ecba69e3fbbc4182",
        "is_verified": false,
        "line_number": 103461
      },
      {
        "type": "Hex High Entropy String",
        "filename": ".agent/artifacts/04_clause_investigation.json",
        "hashed_secret": "b4a0082fdd27bfffbb4cd2f8d43e1fa6034f62ad",
        "is_verified": false,
        "line_number": 108201
      },
      {
        "type": "Hex High Entropy String",
        "filename": ".agent/artifacts/04_clause_investigation.json",
        "hashed_secret": "777d7b43b3ffc5d6d94151ba1b1e1c0e1b5cf555",
        "is_verified": false,
        "line_number": 122148
      },
      {
        "type": "Hex High Entropy String",
        "filename": ".agent/artifacts/04_clause_investigation.json",
        "hashed_secret": "e6e023fe3c51788f1c6ed8ebd8612387bff810d7",
        "is_verified": false,
        "line_number": 122249
      },
      {
        "type": "Hex High Entropy String",
        "filename": ".agent/artifacts/04_clause_investigation.json",
        "hashed_secret": "f081163b4c7066d7433a4a86605c175213ecb067",
        "is_verified": false,
        "line_number": 122350
      },
      {
        "type": "Hex High Entropy String",
        "filename": ".agent/artifacts/04_clause_investigation.json",
        "hashed_secret": "df7488292991a84adf2ca232e647973725215f0f",
        "is_verified": false,
        "line_number": 122451
      },
      {
        "type": "Hex High Entropy String",
        "filename": ".agent/artifacts/04_clause_investigation.json",
        "hashed_secret": "d86e81d029fbff8e63d239e16052d2c1b57c7abb",
        "is_verified": false,
        "line_number": 122552
      },
      {
        "type": "Hex High Entropy String",
        "filename": ".agent/artifacts/04_clause_investigation.json",
        "hashed_secret": "a2aa0c0dc55ced4fb373ace874bff6cfdbe7d149",
        "is_verified": false,
        "line_number": 124951
      },
      {
        "type": "Hex High Entropy String",
        "filename": ".agent/artifacts/04_clause_investigation.json",
        "hashed_secret": "79acd09bb2802bf6515101fb2ae873ee8b076b69",
        "is_verified": false,
        "line_number": 168751
      },
      {
        "type": "Hex High Entropy String",
        "filename": ".agent/artifacts/04_clause_investigation.json",
        "hashed_secret": "62434c0932509afae5842a89cbe6d0a490cfc31d",
        "is_verified": false,
        "line_number": 244092
      },
      {
        "type": "Hex High Entropy String",
        "filename": ".agent/artifacts/04_clause_investigation.json",
        "hashed_secret": "4d4230cdce03c5cc423e80138758933e9732d20b",
        "is_verified": false,
        "line_number": 247765
      },
      {
        "type": "Hex High Entropy String",
        "filename": ".agent/artifacts/04_clause_investigation.json",
        "hashed_secret": "d3f2b8526d2fb370f4080b8d5a09264943c2c71c",
        "is_verified": false,
        "line_number": 257301
      },
      {
        "type": "Hex High Entropy String",
        "filename": ".agent/artifacts/04_clause_investigation.json",
        "hashed_secret": "48f588fc0aa002afbd68eb06c8ebfb8380cbc060",
        "is_verified": false,
        "line_number": 261887
      },
      {
        "type": "Hex High Entropy String",
        "filename": ".agent/artifacts/04_clause_investigation.json",
        "hashed_secret": "0bccea844821cf197de664ff96d7b9a0e8ecb134",
        "is_verified": false,
        "line_number": 261988
      },
      {
        "type": "Hex High Entropy String",
        "filename": ".agent/artifacts/04_clause_investigation.json",
        "hashed_secret": "e7e386266e5e4667811bdc7f0bbf665fd95a1426",
        "is_verified": false,
        "line_number": 266304
      },
      {
        "type": "Hex High Entropy String",
        "filename": ".agent/artifacts/04_clause_investigation.json",
        "hashed_secret": "aab3bb5484d6a9ad92b0e2658df68f463e00ff25",
        "is_verified": false,
        "line_number": 266405
      },
      {
        "type": "Hex High Entropy String",
        "filename": ".agent/artifacts/04_clause_investigation.json",
        "hashed_secret": "d6de2a791b0b667d439b34dc5356c5ad4332a3de",
        "is_verified": false,
        "line_number": 266506
      },
      {
        "type": "Hex High Entropy String",
        "filename": ".agent/artifacts/04_clause_investigation.json",
        "hashed_secret": "2f28f7c4048dd7121bf10d534b3b33db4e688941",
        "is_verified": false,
        "line_number": 266607
      },
      {
        "type": "Hex High Entropy String",
        "filename": ".agent/artifacts/04_clause_investigation.json",
        "hashed_secret": "96d151ad13059b852bf62cc7fc3a1fd1e0c40597",
        "is_verified": false,
        "line_number": 267033
      },
      {
        "type": "Hex High Entropy String",
        "filename": ".agent/artifacts/04_clause_investigation.json",
        "hashed_secret": "85d41a9fa768714042d05286d659d0c91fddb35a",
        "is_verified": false,
        "line_number": 267074
      },
      {
        "type": "Hex High Entropy String",
        "filename": ".agent/artifacts/04_clause_investigation.json",
        "hashed_secret": "38606a1d57ff68e8ec7eba86e0c0516929440754",
        "is_verified": false,
        "line_number": 267175
      },
      {
        "type": "Hex High Entropy String",
        "filename": ".agent/artifacts/04_clause_investigation.json",
        "hashed_secret": "e5a09af77680c2a4d7e8a012334c5024d84daf73",
        "is_verified": false,
        "line_number": 267565
      },
      {
        "type": "Hex High Entropy String",
        "filename": ".agent/artifacts/04_clause_investigation.json",
        "hashed_secret": "4d8a96a8364349a662488e3c38c841bc76316cef",
        "is_verified": false,
        "line_number": 268008
      },
      {
        "type": "Hex High Entropy String",
        "filename": ".agent/artifacts/04_clause_investigation.json",
        "hashed_secret": "91654c4f4e09d6720de689176fc9a1d174d22e4a",
        "is_verified": false,
        "line_number": 268109
      },
      {
        "type": "Hex High Entropy String",
        "filename": ".agent/artifacts/04_clause_investigation.json",
        "hashed_secret": "f995da8117b1c33a59db30c2ce0ce3150d59e62c",
        "is_verified": false,
        "line_number": 268210
      },
      {
        "type": "Hex High Entropy String",
        "filename": ".agent/artifacts/04_clause_investigation.json",
        "hashed_secret": "d804c23f5af39d3ae70ceb4a09cdf5bbd92652ea",
        "is_verified": false,
        "line_number": 268863
      },
      {
        "type": "Hex High Entropy String",
        "filename": ".agent/artifacts/04_clause_investigation.json",
        "hashed_secret": "c12e8e16a7386376dadbe94bb0397431acf42d40",
        "is_verified": false,
        "line_number": 273509
      },
      {
        "type": "Hex High Entropy String",
        "filename": ".agent/artifacts/04_clause_investigation.json",
        "hashed_secret": "53763f80b7220c8f3267cd1a88f7f9b0b918e9fe",
        "is_verified": false,
        "line_number": 294844
      },
      {
        "type": "Hex High Entropy String",
        "filename": ".agent/artifacts/04_clause_investigation.json",
        "hashed_secret": "20b59c2da06158c493868d5bdecda507dc7150dc",
        "is_verified": false,
        "line_number": 346449
      },
      {
        "type": "Hex High Entropy String",
        "filename": ".agent/artifacts/04_clause_investigation.json",
        "hashed_secret": "81996da4be5a85de784d83036dfb0070de63f9ca",
        "is_verified": false,
        "line_number": 372372
      },
      {
        "type": "Hex High Entropy String",
        "filename": ".agent/artifacts/04_clause_investigation.json",
        "hashed_secret": "425b7dcda5ee922f432c741a1fb4d084cdec7ea9",
        "is_verified": false,
        "line_number": 378169
      },
      {
        "type": "Hex High Entropy String",
        "filename": ".agent/artifacts/04_clause_investigation.json",
        "hashed_secret": "f090c67339d372308cb94737c77ff580c4240b9f",
        "is_verified": false,
        "line_number": 380263
      },
      {
        "type": "Hex High Entropy String",
        "filename": ".agent/artifacts/04_clause_investigation.json",
        "hashed_secret": "9f90c35d14300d50db70cfcad552ecd421bfbd1a",
        "is_verified": false,
        "line_number": 395406
      },
      {
        "type": "Hex High Entropy String",
        "filename": ".agent/artifacts/04_clause_investigation.json",
        "hashed_secret": "37ad1f6d8b71068bcddfc6c8601edc934c6e7637",
        "is_verified": false,
        "line_number": 412548
      },
      {
        "type": "Hex High Entropy String",
        "filename": ".agent/artifacts/04_clause_investigation.json",
        "hashed_secret": "f2eb5fd51abd0d0e8f8b51a453fb7733b7543403",
        "is_verified": false,
        "line_number": 421253
      },
      {
        "type": "Hex High Entropy String",
        "filename": ".agent/artifacts/04_clause_investigation.json",
        "hashed_secret": "04a4430802b75cdce4369066586642bad45bb7d1",
        "is_verified": false,
        "line_number": 456574
      },
      {
        "type": "Hex High Entropy String",
        "filename": ".agent/artifacts/04_clause_investigation.json",
        "hashed_secret": "0956996a5379fc85c4ca5448b9878b810795c3c4",
        "is_verified": false,
        "line_number": 463811
      },
      {
        "type": "Hex High Entropy String",
        "filename": ".agent/artifacts/04_clause_investigation.json",
        "hashed_secret": "7c13ea5ca81aae82bc99f86eb79821a57324f785",
        "is_verified": false,
        "line_number": 470242
      },
      {
        "type": "Hex High Entropy String",
        "filename": ".agent/artifacts/04_clause_investigation.json",
        "hashed_secret": "c4caa58ba4a081678c3f74893c7d02699464d376",
        "is_verified": false,
        "line_number": 471581
      },
      {
        "type": "Hex High Entropy String",
        "filename": ".agent/artifacts/04_clause_investigation.json",
        "hashed_secret": "35baf7203a978126605dbe9928d34b72eb4c97d9",
        "is_verified": false,
        "line_number": 472330
      },
      {
        "type": "Hex High Entropy String",
        "filename": ".agent/artifacts/04_clause_investigation.json",
        "hashed_secret": "57e7800866fe103156a78b730e95afd7c6b4e392",
        "is_verified": false,
        "line_number": 474427
      },
      {
        "type": "Hex High Entropy String",
        "filename": ".agent/artifacts/04_clause_investigation.json",
        "hashed_secret": "dcaa045c99581873470057d491b25aaaca1774c4",
        "is_verified": false,
        "line_number": 475976
      },
      {
        "type": "Hex High Entropy String",
        "filename": ".agent/artifacts/04_clause_investigation.json",
        "hashed_secret": "bbd211cc46cb01492a61a60794b5ea0f78713efe",
        "is_verified": false,
        "line_number": 476245
      },
      {
        "type": "Hex High Entropy String",
        "filename": ".agent/artifacts/04_clause_investigation.json",
        "hashed_secret": "49fd50cbc4a23957f0799296870be828051257f9",
        "is_verified": false,
        "line_number": 478002
      },
      {
        "type": "Hex High Entropy String",
        "filename": ".agent/artifacts/04_clause_investigation.json",
        "hashed_secret": "8c230e0e7ffcf91c20bbd84d08d27f37de2d4528",
        "is_verified": false,
        "line_number": 478271
      }
    ],
    ".agent/artifacts/04_graph_build_result.json": [
      {
        "type": "Hex High Entropy String",
        "filename": ".agent/artifacts/04_graph_build_result.json",
        "hashed_secret": "a2d4db71b6f41a7302af6114c9fbf4844cbbd97c",
        "is_verified": false,
        "line_number": 18
      }
    ],
    ".agent/artifacts/05_bug_analysis.json": [
      {
        "type": "Hex High Entropy String",
        "filename": ".agent/artifacts/05_bug_analysis.json",
        "hashed_secret": "d6289ff1ebc4f29546f6ef9d9a3aa20a62557488",
        "is_verified": false,
        "line_number": 11
      },
      {
        "type": "Hex High Entropy String",
        "filename": ".agent/artifacts/05_bug_analysis.json",
        "hashed_secret": "466365ad6d615238ecbe68a3792af5167961910d",
        "is_verified": false,
        "line_number": 44
      },
      {
        "type": "Hex High Entropy String",
        "filename": ".agent/artifacts/05_bug_analysis.json",
        "hashed_secret": "71cce6f4c8d175a7b9717a59802e1756d6e8645d",
        "is_verified": false,
        "line_number": 77
      },
      {
        "type": "Hex High Entropy String",
        "filename": ".agent/artifacts/05_bug_analysis.json",
        "hashed_secret": "83fbd48788ce52f63036217798630a313f6ba71c",
        "is_verified": false,
        "line_number": 110
      },
      {
        "type": "Hex High Entropy String",
        "filename": ".agent/artifacts/05_bug_analysis.json",
        "hashed_secret": "07c7bfd99095b072cd2eebbff284b7373acce922",
        "is_verified": false,
        "line_number": 143
      },
      {
        "type": "Hex High Entropy String",
        "filename": ".agent/artifacts/05_bug_analysis.json",
        "hashed_secret": "ec0f2d72cc6537c246305919e10e348dfb50d15a",
        "is_verified": false,
        "line_number": 176
      },
      {
        "type": "Hex High Entropy String",
        "filename": ".agent/artifacts/05_bug_analysis.json",
        "hashed_secret": "7ce58b1133baec40b8b0e60ab24ca4ecd1e8c6e5",
        "is_verified": false,
        "line_number": 209
      },
      {
        "type": "Hex High Entropy String",
        "filename": ".agent/artifacts/05_bug_analysis.json",
        "hashed_secret": "2e1fd1d402332533cc1773bb5b9b158f37cdb0ff",
        "is_verified": false,
        "line_number": 242
      },
      {
        "type": "Hex High Entropy String",
        "filename": ".agent/artifacts/05_bug_analysis.json",
        "hashed_secret": "79d0fc58fe6027bf21b6b7502b664910b407ba4b",
        "is_verified": false,
        "line_number": 275
      },
      {
        "type": "Hex High Entropy String",
        "filename": ".agent/artifacts/05_bug_analysis.json",
        "hashed_secret": "e15f84610f5b1eade541e4bdde1de2aa945ada64",
        "is_verified": false,
        "line_number": 308
      },
      {
        "type": "Hex High Entropy String",
        "filename": ".agent/artifacts/05_bug_analysis.json",
        "hashed_secret": "480927679a0bfd6a336151795728ee9f1b6c17ae",
        "is_verified": false,
        "line_number": 374
      },
      {
        "type": "Hex High Entropy String",
        "filename": ".agent/artifacts/05_bug_analysis.json",
        "hashed_secret": "5df2cf3407bbae9f137dc2cc3c61ebe611a87fac",
        "is_verified": false,
        "line_number": 407
      }
    ],
    ".agent/artifacts/07_register_repo.json": [
      {
        "type": "Hex High Entropy String",
        "filename": ".agent/artifacts/07_register_repo.json",
        "hashed_secret": "49f5b8ab7595b5236c790f157ecf40c4921c77cb",
        "is_verified": false,
        "line_number": 5
      }
    ],
    ".agent/artifacts/deep_01_register.json": [
      {
        "type": "Hex High Entropy String",
        "filename": ".agent/artifacts/deep_01_register.json",
        "hashed_secret": "49f5b8ab7595b5236c790f157ecf40c4921c77cb",
        "is_verified": false,
        "line_number": 5
      }
    ],
    ".agent/artifacts/deep_02_graph_build.json": [
      {
        "type": "Hex High Entropy String",
        "filename": ".agent/artifacts/deep_02_graph_build.json",
        "hashed_secret": "a2d4db71b6f41a7302af6114c9fbf4844cbbd97c",
        "is_verified": false,
        "line_number": 18
      }
    ],
    ".agent/artifacts/deep_04_clause_investigation.json": [
      {
        "type": "Hex High Entropy String",
        "filename": ".agent/artifacts/deep_04_clause_investigation.json",
        "hashed_secret": "8a3b9857423922d897ab3df740cd34a70b81f137",
        "is_verified": false,
        "line_number": 43
      },
      {
        "type": "Hex High Entropy String",
        "filename": ".agent/artifacts/deep_04_clause_investigation.json",
        "hashed_secret": "908a065c7b547a335a5465ded14157d98e930d79",
        "is_verified": false,
        "line_number": 76
      },
      {
        "type": "Hex High Entropy String",
        "filename": ".agent/artifacts/deep_04_clause_investigation.json",
        "hashed_secret": "d209e6dd40e85bc1d4704681c752930026594279",
        "is_verified": false,
        "line_number": 109
      },
      {
        "type": "Hex High Entropy String",
        "filename": ".agent/artifacts/deep_04_clause_investigation.json",
        "hashed_secret": "f5e63440ab9e1a9eff26f8f336067a9b44c8de01",
        "is_verified": false,
        "line_number": 142
      },
      {
        "type": "Hex High Entropy String",
        "filename": ".agent/artifacts/deep_04_clause_investigation.json",
        "hashed_secret": "69d148f541d4ea3d113a8c30e8f87aa1faf969ae",
        "is_verified": false,
        "line_number": 175
      },
      {
        "type": "Hex High Entropy String",
        "filename": ".agent/artifacts/deep_04_clause_investigation.json",
        "hashed_secret": "635a0d4453048f3ca97e7327152fe624e478906a",
        "is_verified": false,
        "line_number": 241
      },
      {
        "type": "Hex High Entropy String",
        "filename": ".agent/artifacts/deep_04_clause_investigation.json",
        "hashed_secret": "a53ee98799fc095f256055120e473bf9ca48e8c8",
        "is_verified": false,
        "line_number": 307
      },
      {
        "type": "Hex High Entropy String",
        "filename": ".agent/artifacts/deep_04_clause_investigation.json",
        "hashed_secret": "4a973915c8db203468ed521644023bf5df0837b2",
        "is_verified": false,
        "line_number": 340
      },
      {
        "type": "Hex High Entropy String",
        "filename": ".agent/artifacts/deep_04_clause_investigation.json",
        "hashed_secret": "ceeeafb530319e45175ceb00262c920c36693b4c",
        "is_verified": false,
        "line_number": 373
      },
      {
        "type": "Hex High Entropy String",
        "filename": ".agent/artifacts/deep_04_clause_investigation.json",
        "hashed_secret": "44e16fde4e7ec682ad98a499179deff5154d37b0",
        "is_verified": false,
        "line_number": 406
      },
      {
        "type": "Hex High Entropy String",
        "filename": ".agent/artifacts/deep_04_clause_investigation.json",
        "hashed_secret": "5111aa45da86dd02cd307b2cc07daf5e3e2624b0",
        "is_verified": false,
        "line_number": 439
      },
      {
        "type": "Hex High Entropy String",
        "filename": ".agent/artifacts/deep_04_clause_investigation.json",
        "hashed_secret": "5c1238b3cf0083d55c7085ffc8c4d2b0c480c055",
        "is_verified": false,
        "line_number": 472
      },
      {
        "type": "Hex High Entropy String",
        "filename": ".agent/artifacts/deep_04_clause_investigation.json",
        "hashed_secret": "89955ff0f2e0027d20b4ea6eda33bb5dd20fa7f8",
        "is_verified": false,
        "line_number": 505
      },
      {
        "type": "Hex High Entropy String",
        "filename": ".agent/artifacts/deep_04_clause_investigation.json",
        "hashed_secret": "9675daf1241b461563188eaeb302c613d9c4073b",
        "is_verified": false,
        "line_number": 538
      },
      {
        "type": "Hex High Entropy String",
        "filename": ".agent/artifacts/deep_04_clause_investigation.json",
        "hashed_secret": "0eda45c755417faee0632eca7a9a8a5c506ea5d7",
        "is_verified": false,
        "line_number": 571
      },
      {
        "type": "Hex High Entropy String",
        "filename": ".agent/artifacts/deep_04_clause_investigation.json",
        "hashed_secret": "d0423d33b05a11b97119e1c3110bf26d0e450cc9",
        "is_verified": false,
        "line_number": 604
      },
      {
        "type": "Hex High Entropy String",
        "filename": ".agent/artifacts/deep_04_clause_investigation.json",
        "hashed_secret": "369c5a2f71319d389ee71e717d6f9fd10206a0d5",
        "is_verified": false,
        "line_number": 637
      }
    ],
    ".agent/artifacts/deep_bug_analysis.json": [
      {
        "type": "Hex High Entropy String",
        "filename": ".agent/artifacts/deep_bug_analysis.json",
        "hashed_secret": "8a3b9857423922d897ab3df740cd34a70b81f137",
        "is_verified": false,
        "line_number": 46
      },
      {
        "type": "Hex High Entropy String",
        "filename": ".agent/artifacts/deep_bug_analysis.json",
        "hashed_secret": "908a065c7b547a335a5465ded14157d98e930d79",
        "is_verified": false,
        "line_number": 79
      },
      {
        "type": "Hex High Entropy String",
        "filename": ".agent/artifacts/deep_bug_analysis.json",
        "hashed_secret": "d209e6dd40e85bc1d4704681c752930026594279",
        "is_verified": false,
        "line_number": 112
      },
      {
        "type": "Hex High Entropy String",
        "filename": ".agent/artifacts/deep_bug_analysis.json",
        "hashed_secret": "f5e63440ab9e1a9eff26f8f336067a9b44c8de01",
        "is_verified": false,
        "line_number": 145
      },
      {
        "type": "Hex High Entropy String",
        "filename": ".agent/artifacts/deep_bug_analysis.json",
        "hashed_secret": "69d148f541d4ea3d113a8c30e8f87aa1faf969ae",
        "is_verified": false,
        "line_number": 178
      },
      {
        "type": "Hex High Entropy String",
        "filename": ".agent/artifacts/deep_bug_analysis.json",
        "hashed_secret": "635a0d4453048f3ca97e7327152fe624e478906a",
        "is_verified": false,
        "line_number": 244
      },
      {
        "type": "Hex High Entropy String",
        "filename": ".agent/artifacts/deep_bug_analysis.json",
        "hashed_secret": "a53ee98799fc095f256055120e473bf9ca48e8c8",
        "is_verified": false,
        "line_number": 310
      },
      {
        "type": "Hex High Entropy String",
        "filename": ".agent/artifacts/deep_bug_analysis.json",
        "hashed_secret": "4a973915c8db203468ed521644023bf5df0837b2",
        "is_verified": false,
        "line_number": 343
      },
      {
        "type": "Hex High Entropy String",
        "filename": ".agent/artifacts/deep_bug_analysis.json",
        "hashed_secret": "ceeeafb530319e45175ceb00262c920c36693b4c",
        "is_verified": false,
        "line_number": 376
      },
      {
        "type": "Hex High Entropy String",
        "filename": ".agent/artifacts/deep_bug_analysis.json",
        "hashed_secret": "44e16fde4e7ec682ad98a499179deff5154d37b0",
        "is_verified": false,
        "line_number": 409
      },
      {
        "type": "Hex High Entropy String",
        "filename": ".agent/artifacts/deep_bug_analysis.json",
        "hashed_secret": "5111aa45da86dd02cd307b2cc07daf5e3e2624b0",
        "is_verified": false,
        "line_number": 442
      },
      {
        "type": "Hex High Entropy String",
        "filename": ".agent/artifacts/deep_bug_analysis.json",
        "hashed_secret": "5c1238b3cf0083d55c7085ffc8c4d2b0c480c055",
        "is_verified": false,
        "line_number": 475
      },
      {
        "type": "Hex High Entropy String",
        "filename": ".agent/artifacts/deep_bug_analysis.json",
        "hashed_secret": "89955ff0f2e0027d20b4ea6eda33bb5dd20fa7f8",
        "is_verified": false,
        "line_number": 508
      },
      {
        "type": "Hex High Entropy String",
        "filename": ".agent/artifacts/deep_bug_analysis.json",
        "hashed_secret": "9675daf1241b461563188eaeb302c613d9c4073b",
        "is_verified": false,
        "line_number": 541
      },
      {
        "type": "Hex High Entropy String",
        "filename": ".agent/artifacts/deep_bug_analysis.json",
        "hashed_secret": "0eda45c755417faee0632eca7a9a8a5c506ea5d7",
        "is_verified": false,
        "line_number": 574
      },
      {
        "type": "Hex High Entropy String",
        "filename": ".agent/artifacts/deep_bug_analysis.json",
        "hashed_secret": "d0423d33b05a11b97119e1c3110bf26d0e450cc9",
        "is_verified": false,
        "line_number": 607
      },
      {
        "type": "Hex High Entropy String",
        "filename": ".agent/artifacts/deep_bug_analysis.json",
        "hashed_secret": "369c5a2f71319d389ee71e717d6f9fd10206a0d5",
        "is_verified": false,
        "line_number": 640
      }
    ],
    ".llm-sca/mcp_tasks.json": [
      {
        "type": "Hex High Entropy String",
        "filename": ".llm-sca/mcp_tasks.json",
        "hashed_secret": "79d36d6a3e0cf425c07e24ef4f9dbf086fbcb4fa",
        "is_verified": false,
        "line_number": 22
      },
      {
        "type": "Hex High Entropy String",
        "filename": ".llm-sca/mcp_tasks.json",
        "hashed_secret": "8998a6f8f2148e74ba47ad15be7bce172581f956",
        "is_verified": false,
        "line_number": 20113
      },
      {
        "type": "Hex High Entropy String",
        "filename": ".llm-sca/mcp_tasks.json",
        "hashed_secret": "a60529dc423444428634e325ef1fe809e51dcbf7",
        "is_verified": false,
        "line_number": 20314
      },
      {
        "type": "Hex High Entropy String",
        "filename": ".llm-sca/mcp_tasks.json",
        "hashed_secret": "675817f4df93a518e27e0668fcf1a25ccd942db5",
        "is_verified": false,
        "line_number": 64057
      },
      {
        "type": "Hex High Entropy String",
        "filename": ".llm-sca/mcp_tasks.json",
        "hashed_secret": "f8700831e695837e9d219fa124c1e9a68d13ff90",
        "is_verified": false,
        "line_number": 140358
      },
      {
        "type": "Hex High Entropy String",
        "filename": ".llm-sca/mcp_tasks.json",
        "hashed_secret": "866b2bdb4c7b893819a58957fa5241a24658c9cc",
        "is_verified": false,
        "line_number": 140478
      },
      {
        "type": "Hex High Entropy String",
        "filename": ".llm-sca/mcp_tasks.json",
        "hashed_secret": "8d1f4a5f3bbbf2475f77e3bfa70ae4a48ae70fc8",
        "is_verified": false,
        "line_number": 156780
      },
      {
        "type": "Hex High Entropy String",
        "filename": ".llm-sca/mcp_tasks.json",
        "hashed_secret": "a2d4db71b6f41a7302af6114c9fbf4844cbbd97c",
        "is_verified": false,
        "line_number": 156811
      },
      {
        "type": "Hex High Entropy String",
        "filename": ".llm-sca/mcp_tasks.json",
        "hashed_secret": "cbc9db5d7fb69b1632be8da54368b91dfcb2d120",
        "is_verified": false,
        "line_number": 191885
      },
      {
        "type": "Hex High Entropy String",
        "filename": ".llm-sca/mcp_tasks.json",
        "hashed_secret": "5b99c6f57d1b369f923d42dc229cc2249da2f1a6",
        "is_verified": false,
        "line_number": 191945
      },
      {
        "type": "Hex High Entropy String",
        "filename": ".llm-sca/mcp_tasks.json",
        "hashed_secret": "f647047a69e46b4b38b3492929a78efc5469a6cb",
        "is_verified": false,
        "line_number": 258815
      },
      {
        "type": "Hex High Entropy String",
        "filename": ".llm-sca/mcp_tasks.json",
        "hashed_secret": "4838d0af208cfb021be8b202c3826de3fed619ef",
        "is_verified": false,
        "line_number": 258938
      },
      {
        "type": "Hex High Entropy String",
        "filename": ".llm-sca/mcp_tasks.json",
        "hashed_secret": "3d4ad09ee42b1906648f4a4026d49d76c287c0c3",
        "is_verified": false,
        "line_number": 259009
      },
      {
        "type": "Hex High Entropy String",
        "filename": ".llm-sca/mcp_tasks.json",
        "hashed_secret": "77a9d4ca3140c10e38b4ab893ca66d975d0cc23a",
        "is_verified": false,
        "line_number": 259152
      },
      {
        "type": "Hex High Entropy String",
        "filename": ".llm-sca/mcp_tasks.json",
        "hashed_secret": "b60f937d036bfe01a8f3763f65dcdbff4fca5e5f",
        "is_verified": false,
        "line_number": 259251
      },
      {
        "type": "Hex High Entropy String",
        "filename": ".llm-sca/mcp_tasks.json",
        "hashed_secret": "7d1a5e935782189e418bc60734670164e23c930f",
        "is_verified": false,
        "line_number": 292617
      },
      {
        "type": "Hex High Entropy String",
        "filename": ".llm-sca/mcp_tasks.json",
        "hashed_secret": "03b81a5c0f5f7bdd9229b637729a91739da648a0",
        "is_verified": false,
        "line_number": 362817
      },
      {
        "type": "Hex High Entropy String",
        "filename": ".llm-sca/mcp_tasks.json",
        "hashed_secret": "63b5b91d39792d07c1da5d66210526b694826dfb",
        "is_verified": false,
        "line_number": 362934
      }
    ],
    "docs/llm-sca-tooling-phase-1-shared-schemas-and-evidence-model.md": [
      {
        "type": "Hex High Entropy String",
        "filename": "docs/llm-sca-tooling-phase-1-shared-schemas-and-evidence-model.md",
        "hashed_secret": "158b484ae1f6f64f89da22397d25fbdafad02252",
        "is_verified": false,
        "line_number": 2049
      }
    ],
    "docs/llm-sca-tooling-tech-stack.md": [
      {
        "type": "Basic Auth Credentials",
        "filename": "docs/llm-sca-tooling-tech-stack.md",
        "hashed_secret": "5baa61e4c9b93f3f0682250b6cf8331b7ee68fd8",
        "is_verified": false,
        "line_number": 366
      }
    ],
    "src/llm_sca_tooling/schemas/operations.py": [
      {
        "type": "Secret Keyword",
        "filename": "src/llm_sca_tooling/schemas/operations.py",
        "hashed_secret": "ded78cf48ff7e70135a44ed53d0804902b44c749",
        "is_verified": false,
        "line_number": 58
      },
      {
        "type": "Secret Keyword",
        "filename": "src/llm_sca_tooling/schemas/operations.py",
        "hashed_secret": "fe86558143c0bd528f649a153bdc32b8fa90301c",
        "is_verified": false,
        "line_number": 69
      }
    ],
    "tests/hardening/test_trace_redaction_audit.py": [
      {
        "type": "AWS Access Key",
        "filename": "tests/hardening/test_trace_redaction_audit.py",
        "hashed_secret": "1d5bc0e7232d07b336f4d35db4c0200142962f4a",
        "is_verified": false,
        "line_number": 38
      },
      {
        "type": "Base64 High Entropy String",
        "filename": "tests/hardening/test_trace_redaction_audit.py",
        "hashed_secret": "a04f9ea4c3c01e172bd25b22f74dc4155f74e6f4",
        "is_verified": false,
        "line_number": 38
      }
    ],
    "tests/harness/test_non_relaxation.py": [
      {
        "type": "Secret Keyword",
        "filename": "tests/harness/test_non_relaxation.py",
        "hashed_secret": "3c2ae4bf3ee04c18976cbbe260adb8a5a966fdab",
        "is_verified": false,
        "line_number": 75
      }
    ],
    "tests/privacy/test_redaction.py": [
      {
        "type": "AWS Access Key",
        "filename": "tests/privacy/test_redaction.py",
        "hashed_secret": "25910f981e85ca04baf359199dd0bd4a3ae738b6",
        "is_verified": false,
        "line_number": 25
      },
      {
        "type": "Secret Keyword",
        "filename": "tests/privacy/test_redaction.py",
        "hashed_secret": "25910f981e85ca04baf359199dd0bd4a3ae738b6",
        "is_verified": false,
        "line_number": 42
      }
    ],
    "tests/sarif/test_phase6_sarif.py": [
      {
        "type": "Secret Keyword",
        "filename": "tests/sarif/test_phase6_sarif.py",
        "hashed_secret": "e5e9fa1ba31ecd1ae84f75caaa474f3a663f05f4",
        "is_verified": false,
        "line_number": 658
      }
    ],
    "tests/schemas/conftest.py": [
      {
        "type": "Hex High Entropy String",
        "filename": "tests/schemas/conftest.py",
        "hashed_secret": "158b484ae1f6f64f89da22397d25fbdafad02252",
        "is_verified": false,
        "line_number": 30
      }
    ],
    "tests/schemas/test_evidence_schema.py": [
      {
        "type": "Hex High Entropy String",
        "filename": "tests/schemas/test_evidence_schema.py",
        "hashed_secret": "158b484ae1f6f64f89da22397d25fbdafad02252",
        "is_verified": false,
        "line_number": 38
      }
    ],
    "tests/schemas/test_harness_condition_schema.py": [
      {
        "type": "Hex High Entropy String",
        "filename": "tests/schemas/test_harness_condition_schema.py",
        "hashed_secret": "158b484ae1f6f64f89da22397d25fbdafad02252",
        "is_verified": false,
        "line_number": 36
      }
    ],
    "tests/schemas/test_incident_schema.py": [
      {
        "type": "Hex High Entropy String",
        "filename": "tests/schemas/test_incident_schema.py",
        "hashed_secret": "158b484ae1f6f64f89da22397d25fbdafad02252",
        "is_verified": false,
        "line_number": 38
      }
    ],
    "tests/schemas/test_readiness_schema.py": [
      {
        "type": "Hex High Entropy String",
        "filename": "tests/schemas/test_readiness_schema.py",
        "hashed_secret": "158b484ae1f6f64f89da22397d25fbdafad02252",
        "is_verified": false,
        "line_number": 38
      }
    ],
    "tests/schemas/test_remaining_models.py": [
      {
        "type": "Hex High Entropy String",
        "filename": "tests/schemas/test_remaining_models.py",
        "hashed_secret": "01499c5ba34738d7fa47a8584568d8c33c22625e",
        "is_verified": false,
        "line_number": 120
      }
    ],
    "tests/schemas/test_schema_regressions.py": [
      {
        "type": "Hex High Entropy String",
        "filename": "tests/schemas/test_schema_regressions.py",
        "hashed_secret": "158b484ae1f6f64f89da22397d25fbdafad02252",
        "is_verified": false,
        "line_number": 25
      }
    ],
    "tests/storage/conftest.py": [
      {
        "type": "Hex High Entropy String",
        "filename": "tests/storage/conftest.py",
        "hashed_secret": "71e6451ec62776057a355cba708a135319c6b000",
        "is_verified": false,
        "line_number": 48
      }
    ],
    "tests/storage/test_harness_artifact_export.py": [
      {
        "type": "Hex High Entropy String",
        "filename": "tests/storage/test_harness_artifact_export.py",
        "hashed_secret": "30901c675de08c4d0433259e77aeb1e764f18672",
        "is_verified": false,
        "line_number": 130
      }
    ],
    "tests/unit/test_trace_writer.py": [
      {
        "type": "Secret Keyword",
        "filename": "tests/unit/test_trace_writer.py",
        "hashed_secret": "f2b14f68eb995facb3a1c35287b778d5bd785511",
        "is_verified": false,
        "line_number": 50
      }
    ]
  },
  "generated_at": "2026-05-17T07:46:36Z"
}
