{
  "version": "1.5.0",
  "plugins_used": [
    {
      "name": "ArtifactoryDetector"
    },
    {
      "name": "AWSKeyDetector"
    },
    {
      "name": "AzureStorageKeyDetector"
    },
    {
      "name": "Base64HighEntropyString",
      "limit": 4.5
    },
    {
      "name": "BasicAuthDetector"
    },
    {
      "name": "CloudantDetector"
    },
    {
      "name": "DiscordBotTokenDetector"
    },
    {
      "name": "GitHubTokenDetector"
    },
    {
      "name": "GitLabTokenDetector"
    },
    {
      "name": "HexHighEntropyString",
      "limit": 3.0
    },
    {
      "name": "IbmCloudIamDetector"
    },
    {
      "name": "IbmCosHmacDetector"
    },
    {
      "name": "IPPublicDetector"
    },
    {
      "name": "JwtTokenDetector"
    },
    {
      "name": "KeywordDetector",
      "keyword_exclude": ""
    },
    {
      "name": "MailchimpDetector"
    },
    {
      "name": "NpmDetector"
    },
    {
      "name": "OpenAIDetector"
    },
    {
      "name": "PrivateKeyDetector"
    },
    {
      "name": "PypiTokenDetector"
    },
    {
      "name": "SendGridDetector"
    },
    {
      "name": "SlackDetector"
    },
    {
      "name": "SoftlayerDetector"
    },
    {
      "name": "SquareOAuthDetector"
    },
    {
      "name": "StripeDetector"
    },
    {
      "name": "TelegramBotTokenDetector"
    },
    {
      "name": "TwilioKeyDetector"
    }
  ],
  "filters_used": [
    {
      "path": "detect_secrets.filters.allowlist.is_line_allowlisted"
    },
    {
      "path": "detect_secrets.filters.common.is_baseline_file",
      "filename": ".secrets.baseline"
    },
    {
      "path": "detect_secrets.filters.common.is_ignored_due_to_verification_policies",
      "min_level": 2
    },
    {
      "path": "detect_secrets.filters.heuristic.is_indirect_reference"
    },
    {
      "path": "detect_secrets.filters.heuristic.is_likely_id_string"
    },
    {
      "path": "detect_secrets.filters.heuristic.is_lock_file"
    },
    {
      "path": "detect_secrets.filters.heuristic.is_not_alphanumeric_string"
    },
    {
      "path": "detect_secrets.filters.heuristic.is_potential_uuid"
    },
    {
      "path": "detect_secrets.filters.heuristic.is_prefixed_with_dollar_sign"
    },
    {
      "path": "detect_secrets.filters.heuristic.is_sequential_string"
    },
    {
      "path": "detect_secrets.filters.heuristic.is_swagger_file"
    },
    {
      "path": "detect_secrets.filters.heuristic.is_templated_secret"
    }
  ],
  "results": {
    ".llm-sca/mcp_tasks.json": [
      {
        "type": "Hex High Entropy String",
        "filename": ".llm-sca/mcp_tasks.json",
        "hashed_secret": "79d36d6a3e0cf425c07e24ef4f9dbf086fbcb4fa",
        "is_verified": false,
        "line_number": 22
      }
    ],
    "docs/llm-sca-tooling-phase-1-shared-schemas-and-evidence-model.md": [
      {
        "type": "Hex High Entropy String",
        "filename": "docs/llm-sca-tooling-phase-1-shared-schemas-and-evidence-model.md",
        "hashed_secret": "158b484ae1f6f64f89da22397d25fbdafad02252",
        "is_verified": false,
        "line_number": 2049
      }
    ],
    "docs/llm-sca-tooling-tech-stack.md": [
      {
        "type": "Basic Auth Credentials",
        "filename": "docs/llm-sca-tooling-tech-stack.md",
        "hashed_secret": "5baa61e4c9b93f3f0682250b6cf8331b7ee68fd8",
        "is_verified": false,
        "line_number": 366
      }
    ],
    "src/llm_sca_tooling/schemas/operations.py": [
      {
        "type": "Secret Keyword",
        "filename": "src/llm_sca_tooling/schemas/operations.py",
        "hashed_secret": "ded78cf48ff7e70135a44ed53d0804902b44c749",
        "is_verified": false,
        "line_number": 58
      },
      {
        "type": "Secret Keyword",
        "filename": "src/llm_sca_tooling/schemas/operations.py",
        "hashed_secret": "fe86558143c0bd528f649a153bdc32b8fa90301c",
        "is_verified": false,
        "line_number": 69
      }
    ],
    "tests/hardening/test_trace_redaction_audit.py": [
      {
        "type": "AWS Access Key",
        "filename": "tests/hardening/test_trace_redaction_audit.py",
        "hashed_secret": "1d5bc0e7232d07b336f4d35db4c0200142962f4a",
        "is_verified": false,
        "line_number": 38
      },
      {
        "type": "Base64 High Entropy String",
        "filename": "tests/hardening/test_trace_redaction_audit.py",
        "hashed_secret": "a04f9ea4c3c01e172bd25b22f74dc4155f74e6f4",
        "is_verified": false,
        "line_number": 38
      }
    ],
    "tests/harness/test_non_relaxation.py": [
      {
        "type": "Secret Keyword",
        "filename": "tests/harness/test_non_relaxation.py",
        "hashed_secret": "3c2ae4bf3ee04c18976cbbe260adb8a5a966fdab",
        "is_verified": false,
        "line_number": 75
      }
    ],
    "tests/privacy/test_redaction.py": [
      {
        "type": "AWS Access Key",
        "filename": "tests/privacy/test_redaction.py",
        "hashed_secret": "25910f981e85ca04baf359199dd0bd4a3ae738b6",
        "is_verified": false,
        "line_number": 25
      },
      {
        "type": "Secret Keyword",
        "filename": "tests/privacy/test_redaction.py",
        "hashed_secret": "25910f981e85ca04baf359199dd0bd4a3ae738b6",
        "is_verified": false,
        "line_number": 42
      }
    ],
    "tests/sarif/test_phase6_sarif.py": [
      {
        "type": "Secret Keyword",
        "filename": "tests/sarif/test_phase6_sarif.py",
        "hashed_secret": "e5e9fa1ba31ecd1ae84f75caaa474f3a663f05f4",
        "is_verified": false,
        "line_number": 658
      }
    ],
    "tests/schemas/conftest.py": [
      {
        "type": "Hex High Entropy String",
        "filename": "tests/schemas/conftest.py",
        "hashed_secret": "158b484ae1f6f64f89da22397d25fbdafad02252",
        "is_verified": false,
        "line_number": 30
      }
    ],
    "tests/schemas/test_evidence_schema.py": [
      {
        "type": "Hex High Entropy String",
        "filename": "tests/schemas/test_evidence_schema.py",
        "hashed_secret": "158b484ae1f6f64f89da22397d25fbdafad02252",
        "is_verified": false,
        "line_number": 38
      }
    ],
    "tests/schemas/test_harness_condition_schema.py": [
      {
        "type": "Hex High Entropy String",
        "filename": "tests/schemas/test_harness_condition_schema.py",
        "hashed_secret": "158b484ae1f6f64f89da22397d25fbdafad02252",
        "is_verified": false,
        "line_number": 36
      }
    ],
    "tests/schemas/test_incident_schema.py": [
      {
        "type": "Hex High Entropy String",
        "filename": "tests/schemas/test_incident_schema.py",
        "hashed_secret": "158b484ae1f6f64f89da22397d25fbdafad02252",
        "is_verified": false,
        "line_number": 38
      }
    ],
    "tests/schemas/test_readiness_schema.py": [
      {
        "type": "Hex High Entropy String",
        "filename": "tests/schemas/test_readiness_schema.py",
        "hashed_secret": "158b484ae1f6f64f89da22397d25fbdafad02252",
        "is_verified": false,
        "line_number": 38
      }
    ],
    "tests/schemas/test_remaining_models.py": [
      {
        "type": "Hex High Entropy String",
        "filename": "tests/schemas/test_remaining_models.py",
        "hashed_secret": "01499c5ba34738d7fa47a8584568d8c33c22625e",
        "is_verified": false,
        "line_number": 120
      }
    ],
    "tests/schemas/test_schema_regressions.py": [
      {
        "type": "Hex High Entropy String",
        "filename": "tests/schemas/test_schema_regressions.py",
        "hashed_secret": "158b484ae1f6f64f89da22397d25fbdafad02252",
        "is_verified": false,
        "line_number": 25
      }
    ],
    "tests/storage/conftest.py": [
      {
        "type": "Hex High Entropy String",
        "filename": "tests/storage/conftest.py",
        "hashed_secret": "71e6451ec62776057a355cba708a135319c6b000",
        "is_verified": false,
        "line_number": 48
      }
    ],
    "tests/storage/test_harness_artifact_export.py": [
      {
        "type": "Hex High Entropy String",
        "filename": "tests/storage/test_harness_artifact_export.py",
        "hashed_secret": "30901c675de08c4d0433259e77aeb1e764f18672",
        "is_verified": false,
        "line_number": 130
      }
    ],
    "tests/unit/test_trace_writer.py": [
      {
        "type": "Secret Keyword",
        "filename": "tests/unit/test_trace_writer.py",
        "hashed_secret": "f2b14f68eb995facb3a1c35287b778d5bd785511",
        "is_verified": false,
        "line_number": 50
      }
    ]
  },
  "generated_at": "2026-05-11T10:52:56Z"
}
